// Jest Snapshot v1, https://goo.gl/fbAQLP

exports[`FirstPageTitle renders correctly 1`] = `
<h1
  class="title"
>
  I am a title
</h1>
`;
